#
# There is insufficient memory for the Java Runtime Environment to continue.
# Native memory allocation (mmap) failed to map 134217728 bytes. Error detail: G1 virtual space
# Possible reasons:
#   The system is out of physical RAM or swap space
#   This process is running with CompressedOops enabled, and the Java Heap may be blocking the growth of the native heap
# Possible solutions:
#   Reduce memory load on the system
#   Increase physical memory or swap space
#   Check if swap backing store is full
#   Decrease Java heap size (-Xmx/-Xms)
#   Decrease number of Java threads
#   Decrease Java thread stack sizes (-Xss)
#   Set larger code cache with -XX:ReservedCodeCacheSize=
#   JVM is running with Unscaled Compressed Oops mode in which the Java heap is
#     placed in the first 4GB address space. The Java Heap base address is the
#     maximum limit for the native heap growth. Please use -XX:HeapBaseMinAddress
#     to set the Java Heap base and to place the Java Heap above 4GB virtual address.
# This output file may be truncated or incomplete.
#
#  Out of Memory Error (os_windows.cpp:3713), pid=15096, tid=14372
#
# JRE version:  (21.0.9+10) (build )
# Java VM: OpenJDK 64-Bit Server VM (21.0.9+10-LTS, mixed mode, sharing, tiered, compressed oops, compressed class ptrs, g1 gc, windows-amd64)
# No core dump will be written. Minidumps are not enabled by default on client versions of Windows
#

---------------  S U M M A R Y ------------

Command Line: -Dorg.gradle.internal.worker.tmpdir=C:\Users\Utilisateur\Desktop\HEI\2nd-years\Poja\import\bpartners-api\build\tmp\test\work -Dorg.gradle.native=false -javaagent:C:\Users\Utilisateur\Desktop\HEI\2nd-years\Poja\import\bpartners-api\build\tmp\.cache\expanded\zip_cde35f471dab581134460fc9a50e2c59\jacocoagent.jar=destfile=build/jacoco/test.exec,append=true,inclnolocationclasses=false,dumponexit=true,output=file,jmx=false -Xmx512m -Dfile.encoding=windows-1252 -Duser.country=FR -Duser.language=fr -Duser.variant -ea worker.org.gradle.process.internal.worker.GradleWorkerMain 'Gradle Test Executor 1'

Host: Intel(R) Core(TM) i5-6200U CPU @ 2.30GHz, 4 cores, 7G,  Windows 10 , 64 bit Build 19041 (10.0.19041.3636)
Time: Thu May  7 13:51:32 2026 elapsed time: 0.043702 seconds (0d 0h 0m 0s)

---------------  T H R E A D  ---------------

Current thread (0x000002096aa04ec0):  JavaThread "Unknown thread" [_thread_in_vm, id=14372, stack(0x0000000e58000000,0x0000000e58100000) (1024K)]

Stack: [0x0000000e58000000,0x0000000e58100000]
Native frames: (J=compiled Java code, j=interpreted, Vv=VM code, C=native code)
V  [jvm.dll+0x6de6a9]
V  [jvm.dll+0x8bbdeb]
V  [jvm.dll+0x8be37a]
V  [jvm.dll+0x8bea53]
V  [jvm.dll+0x28a1d6]
V  [jvm.dll+0x6db005]
V  [jvm.dll+0x6cefba]
V  [jvm.dll+0x36498e]
V  [jvm.dll+0x36c85b]
V  [jvm.dll+0x3be1c9]
V  [jvm.dll+0x3be46b]
V  [jvm.dll+0x338b57]
V  [jvm.dll+0x33969b]
V  [jvm.dll+0x88573e]
V  [jvm.dll+0x3cb121]
V  [jvm.dll+0x86e64c]
V  [jvm.dll+0x45e121]
V  [jvm.dll+0x45fd61]
C  [jli.dll+0x52f0]
C  [ucrtbase.dll+0x21bb2]
C  [KERNEL32.DLL+0x17344]
C  [ntdll.dll+0x526b1]


---------------  P R O C E S S  ---------------

Threads class SMR info:
_java_thread_list=0x00007fffb81311c8, length=0, elements={
}

Java Threads: ( => current thread )
Total: 0

Other Threads:
  0x000002096cd6d4d0 WorkerThread "GC Thread#0"                     [id=7588, stack(0x0000000e58100000,0x0000000e58200000) (1024K)]
  0x000002096cd734c0 ConcurrentGCThread "G1 Main Marker"            [id=8792, stack(0x0000000e58200000,0x0000000e58300000) (1024K)]
  0x000002096cd74980 WorkerThread "G1 Conc#0"                       [id=13848, stack(0x0000000e58300000,0x0000000e58400000) (1024K)]

[error occurred during error reporting (printing all threads), id 0xc0000005, EXCEPTION_ACCESS_VIOLATION (0xc0000005) at pc=0x00007fffb782b5d7]
VM state: not at safepoint (not fully initialized)

VM Mutex/Monitor currently owned by a thread:  ([mutex/lock_event])
[0x00007fffb81a5670] Heap_lock - owner thread: 0x000002096aa04ec0

Heap address: 0x00000000e0000000, size: 512 MB, Compressed Oops mode: 32-bit

CDS archive(s) mapped at: [0x0000000000000000-0x0000000000000000-0x0000000000000000), size 0, SharedBaseAddress: 0x0000000800000000, ArchiveRelocationMode: 1.
Narrow klass base: 0x0000000000000000, Narrow klass shift: 0, Narrow klass range: 0x0

GC Precious Log:
 CardTable entry size: 512
 Card Set container configuration: InlinePtr #cards 5 size 8 Array Of Cards #cards 12 size 40 Howl #buckets 4 coarsen threshold 1843 Howl Bitmap #cards 512 size 80 coarsen threshold 460 Card regions per heap region 1 cards per card region 2048

Heap:
 garbage-first heap   total 0K, used 0K [0x00000000e0000000, 0x0000000100000000)
  region size 1024K, 0 young (0K), 0 survivors (0K)

[error occurred during error reporting (printing heap information), id 0xc0000005, EXCEPTION_ACCESS_VIOLATION (0xc0000005) at pc=0x00007fffb7c18409]
GC Heap History (0 events):
No events

Dll operation events (1 events):
Event: 0.023 Loaded shared library C:\Program Files\Amazon Corretto\jdk21.0.9_10\bin\java.dll

Deoptimization events (0 events):
No events

Classes loaded (0 events):
No events

Classes unloaded (0 events):
No events

Classes redefined (0 events):
No events

Internal exceptions (0 events):
No events

ZGC Phase Switch (0 events):
No events

VM Operations (0 events):
No events

Memory protections (0 events):
No events

Nmethod flushes (0 events):
No events

Events (0 events):
No events


Dynamic libraries:
0x00007ff6712f0000 - 0x00007ff6712fe000 	C:\Program Files\Amazon Corretto\jdk21.0.9_10\bin\java.exe
0x00007ffff2450000 - 0x00007ffff2648000 	C:\WINDOWS\SYSTEM32\ntdll.dll
0x00007ffff2050000 - 0x00007ffff210d000 	C:\WINDOWS\System32\KERNEL32.DLL
0x00007fffefb00000 - 0x00007fffefdf6000 	C:\WINDOWS\System32\KERNELBASE.dll
0x00007fffefe70000 - 0x00007fffeff70000 	C:\WINDOWS\System32\ucrtbase.dll
0x00007fffea2a0000 - 0x00007fffea2b8000 	C:\Program Files\Amazon Corretto\jdk21.0.9_10\bin\jli.dll
0x00007fffea280000 - 0x00007fffea29e000 	C:\Program Files\Amazon Corretto\jdk21.0.9_10\bin\VCRUNTIME140.dll
0x00007ffff2270000 - 0x00007ffff240f000 	C:\WINDOWS\System32\USER32.dll
0x00007fffeff70000 - 0x00007fffeff92000 	C:\WINDOWS\System32\win32u.dll
0x00007ffff2110000 - 0x00007ffff213b000 	C:\WINDOWS\System32\GDI32.dll
0x00007fffda850000 - 0x00007fffdaaea000 	C:\WINDOWS\WinSxS\amd64_microsoft.windows.common-controls_6595b64144ccf1df_6.0.19041.4355_none_60b8b9eb71f62e16\COMCTL32.dll
0x00007ffff0360000 - 0x00007ffff0477000 	C:\WINDOWS\System32\gdi32full.dll
0x00007ffff0130000 - 0x00007ffff01cd000 	C:\WINDOWS\System32\msvcp_win.dll
0x00007ffff1cc0000 - 0x00007ffff1d5e000 	C:\WINDOWS\System32\msvcrt.dll
0x00007ffff1de0000 - 0x00007ffff1e12000 	C:\WINDOWS\System32\IMM32.DLL
0x00007fffea2d0000 - 0x00007fffea2dc000 	C:\Program Files\Amazon Corretto\jdk21.0.9_10\bin\vcruntime140_1.dll
0x00007fffdb490000 - 0x00007fffdb519000 	C:\Program Files\Amazon Corretto\jdk21.0.9_10\bin\msvcp140.dll
0x00007fffb74e0000 - 0x00007fffb8287000 	C:\Program Files\Amazon Corretto\jdk21.0.9_10\bin\server\jvm.dll
0x00007ffff0500000 - 0x00007ffff05b0000 	C:\WINDOWS\System32\ADVAPI32.dll
0x00007ffff1e80000 - 0x00007ffff1f20000 	C:\WINDOWS\System32\sechost.dll
0x00007ffff0ae0000 - 0x00007ffff0c03000 	C:\WINDOWS\System32\RPCRT4.dll
0x00007ffff0100000 - 0x00007ffff0127000 	C:\WINDOWS\System32\bcrypt.dll
0x00007ffff1d70000 - 0x00007ffff1ddb000 	C:\WINDOWS\System32\WS2_32.dll
0x00007fffeeff0000 - 0x00007fffef03b000 	C:\WINDOWS\SYSTEM32\POWRPROF.dll
0x00007fffdabb0000 - 0x00007fffdabd7000 	C:\WINDOWS\SYSTEM32\WINMM.dll
0x00007fffe8f50000 - 0x00007fffe8f5a000 	C:\WINDOWS\SYSTEM32\VERSION.dll
0x00007fffeeeb0000 - 0x00007fffeeec2000 	C:\WINDOWS\SYSTEM32\UMPDC.dll
0x00007fffee2d0000 - 0x00007fffee2e2000 	C:\WINDOWS\SYSTEM32\kernel.appcore.dll
0x00007fffea080000 - 0x00007fffea08a000 	C:\Program Files\Amazon Corretto\jdk21.0.9_10\bin\jimage.dll
0x00007fffe89c0000 - 0x00007fffe8ba4000 	C:\WINDOWS\SYSTEM32\DBGHELP.DLL
0x00007fffdeb30000 - 0x00007fffdeb64000 	C:\WINDOWS\SYSTEM32\dbgcore.DLL
0x00007ffff0220000 - 0x00007ffff02a2000 	C:\WINDOWS\System32\bcryptPrimitives.dll
0x00007fffe9f50000 - 0x00007fffe9f60000 	C:\Program Files\Amazon Corretto\jdk21.0.9_10\bin\instrument.dll
0x00007fffe4cd0000 - 0x00007fffe4cf1000 	C:\Program Files\Amazon Corretto\jdk21.0.9_10\bin\java.dll

JVMTI agents:
C:\Users\Utilisateur\Desktop\HEI\2nd-years\Poja\import\bpartners-api\build\tmp\.cache\expanded\zip_cde35f471dab581134460fc9a50e2c59\jacocoagent.jar path:none, loaded, not initialized, instrumentlib options:destfile=build/jacoco/test.exec,append=true,inclnolocationclasses=false,dumponexit=true,output=file,jmx=false

dbghelp: loaded successfully - version: 4.0.5 - missing functions: none
symbol engine: initialized successfully - sym options: 0x614 - pdb path: .;C:\Program Files\Amazon Corretto\jdk21.0.9_10\bin;C:\WINDOWS\SYSTEM32;C:\WINDOWS\WinSxS\amd64_microsoft.windows.common-controls_6595b64144ccf1df_6.0.19041.4355_none_60b8b9eb71f62e16;C:\Program Files\Amazon Corretto\jdk21.0.9_10\bin\server

VM Arguments:
jvm_args: -Dorg.gradle.internal.worker.tmpdir=C:\Users\Utilisateur\Desktop\HEI\2nd-years\Poja\import\bpartners-api\build\tmp\test\work -Dorg.gradle.native=false -javaagent:C:\Users\Utilisateur\Desktop\HEI\2nd-years\Poja\import\bpartners-api\build\tmp\.cache\expanded\zip_cde35f471dab581134460fc9a50e2c59\jacocoagent.jar=destfile=build/jacoco/test.exec,append=true,inclnolocationclasses=false,dumponexit=true,output=file,jmx=false -Xmx512m -Dfile.encoding=windows-1252 -Duser.country=FR -Duser.language=fr -Duser.variant -ea 
java_command: worker.org.gradle.process.internal.worker.GradleWorkerMain 'Gradle Test Executor 1'
java_class_path (initial): C:\\Users\\Utilisateur\\.gradle\\caches\\8.5\\workerMain\\gradle-worker.jar;C:\\Users\\Utilisateur\\Desktop\\HEI\\2nd-years\\Poja\\import\\bpartners-api\\build\\classes\\java\\test;C:\\Users\\Utilisateur\\Desktop\\HEI\\2nd-years\\Poja\\import\\bpartners-api\\build\\resources\\test;C:\\Users\\Utilisateur\\Desktop\\HEI\\2nd-years\\Poja\\import\\bpartners-api\\build\\classes\\java\\main;C:\\Users\\Utilisateur\\Desktop\\HEI\\2nd-years\\Poja\\import\\bpartners-api\\build\\resources\\main;C:\\Users\\Utilisateur\\.gradle\\caches\\modules-2\\files-2.1\\org.springframework.boot\\spring-boot-starter-web\\3.2.2\\b89d213d9f49c3e6247b2503ac7d94b0ac8260f6\\spring-boot-starter-web-3.2.2.jar;C:\\Users\\Utilisateur\\.m2\\repository\\app\\bpartners\\bp-api-6c7ee0a2-gen\\latest\\bp-api-6c7ee0a2-gen-latest.jar;C:\\Users\\Utilisateur\\.gradle\\caches\\modules-2\\files-2.1\\org.springframework.boot\\spring-boot-starter-json\\3.2.2\\328f5ce9e10d5f90520e72a3ff8a2586b9e46b37\\spring-boot-starter-json-3.2.2.jar;C:\\Users\\Utilisateur\\.m2\\repository\\org\\openapitools\\jackson-databind-nullable\\0.2.6\\jackson-databind-nullable-0.2.6.jar;C:\\Users\\Utilisateur\\.gradle\\caches\\modules-2\\files-2.1\\com.amazonaws.serverless\\aws-serverless-java-container-springboot3\\2.1.0\\d68ef412e0be6e41cd299eaba3fef941381b5199\\aws-serverless-java-container-springboot3-2.1.0.jar;C:\\Users\\Utilisateur\\.gradle\\caches\\modules-2\\files-2.1\\com.amazonaws.serverless\\aws-serverless-java-container-core\\2.1.0\\cec7916a6c5aa03f6818220ca8f1a864136f9c5b\\aws-serverless-java-container-core-2.1.0.jar;C:\\Users\\Utilisateur\\.gradle\\caches\\modules-2\\files-2.1\\org.flywaydb\\flyway-core\\9.22.3\\76519923a547892f0108b99d1e7b06dcb4727ecd\\flyway-core-9.22.3.jar;C:\\Users\\Utilisateur\\.gradle\\caches\\modules-2\\files-2.1\\com.fasterxml.jackson.dataformat\\jackson-dataformat-toml\\2.15.3\\94d1222e3ee02f8d44a0ad6a5f7476d0833e654a\\jackson-dataformat-toml-2.15.3.jar;C:\\Users\\Utilisateur\\.gradle\\caches\\modules-2\\files-2.1\\com.fasterxml.jackson.datatype\\jackson-datatype-jdk8\\2.15.3\\80158cb020c7bd4e4ba94d8d752a65729dc943b2\\jackson-datatype-jdk8-2.15.3.jar;C:\\Users\\Utilisateur\\.gradle\\caches\\modules-2\\files-2.1\\com.fasterxml.jackson.module\\jackson-module-parameter-names\\2.15.3\\8d251b90c5358677e7d8161e0c2488e6f84f49da\\jackson-module-parameter-names-2.15.3.jar;C:\\Users\\Utilisateur\\.gradle\\caches\\modules-2\\files-2.1\\com.fasterxml.jackson.module\\jackson-module-afterburner\\2.15.3\\a34eaee30ed9c7c09f7fcd0c339dd8052347a43a\\jackson-module-afterburner-2.15.3.jar;C:\\Users\\Utilisateur\\.gradle\\caches\\modules-2\\files-2.1\\com.fasterxml.jackson.core\\jackson-databind\\2.15.3\\a734bc2c47a9453c4efa772461a3aeb273c010d9\\jackson-databind-2.15.3.jar;C:\\Users\\Utilisateur\\.gradle\\caches\\modules-2\\files-2.1\\org.testcontainers\\localstack\\1.20.1\\9160017dad5b1b13cd858af7a9457b4430de554f\\localstack-1.20.1.jar;C:\\Users\\Utilisateur\\.gradle\\caches\\modules-2\\files-2.1\\org.testcontainers\\testcontainers-junit-jupiter\\2.0.2\\6d0c1a4a8d9713a9ba34c6e68be69af8041fbfdd\\testcontainers-junit-jupiter-2.0.2.jar;C:\\Users\\Utilisateur\\.gradle\\caches\\modules-2\\files-2.1\\org.testcontainers\\testcontainers-postgresql\\2.0.2\\93e01f5bf7732ffd89df5fda28476070461bb161\\testcontainers-postgresql-2.0.2.jar;C:\\Users\\Utilisateur\\.gradle\\caches\\modules-2\\files-2.1\\org.testcontainers\\testcontainers-jdbc\\2.0.2\\c402f7e94ff17504e62c2fc218028d670ee2087c\\testcontainers-jdbc-2.0.2.jar;C:\\Users\\Utilisateur\\.gradle\\caches\\modules-2\\files-2.1\\org.testcontainers\\testcontainers-database-commons\\2.0.2\\de223c428492121729957f9657df94a68a3bd146\\testcontainers-database-commons-2.0.2.jar;C:\\Users\\Utilisateur\\.gradle\\caches\\modules-2\\files-2.1\\org.testcontainers\\testcontainers\\2.0.2\\8b9f7ca7931621161b009a757ff8cd5ae0de4926\\testcontainers-2.0.2.jar;C:\\Users\\Utilisateur\\.gradle\\caches\\modules-2\\files-2.1\\com.github.docker-java\\docker-java-api\\3.7.0\\47d3e92a30fc1832197602cb1214b866024372cb\\docker-java-api-3.7.0.jar;C:\\Users\\Utilisateur\\.gradle\\caches\\modules-2\\files-2.1\\com.fasterxml.jackson.core\\jackson-annotations\\2.15.3\\79baf4e605eb3bbb60b1c475d44a7aecceea1d60\\jackson-annotations-2.15.3.jar;C:\\Users\\Utilisateur\\.gradle\\caches\\modules-2\\files-2.1\\org.geotools\\gt-geojson\\31.0\\69a0c837a01f184c6cfde788ed0e07cf17002f6b\\gt-geojson-31.0.jar;C:\\Users\\Utilisateur\\.gradle\\caches\\modules-2\\files-2.1\\org.geotools\\gt-main\\31.0\\530ed97bf8f4b2a8fb87fc367d2917d7cac0775f\\gt-main-31.0.jar;C:\\Users\\Utilisateur\\.gradle\\caches\\modules-2\\files-2.1\\com.fasterxml.jackson.core\\jackson-core\\2.15.3\\60d600567c1862840397bf9ff5a92398edc5797b\\jackson-core-2.15.3.jar;C:\\Users\\Utilisateur\\.gradle\\caches\\modules-2\\files-2.1\\com.fasterxml.jackson.datatype\\jackson-datatype-jsr310\\2.15.3\\4a20a0e104931bfa72f24ef358c2eb63f1ef2aaf\\jackson-datatype-jsr310-2.15.3.jar;C:\\Users\\Utilisateur\\.gradle\\caches\\modules-2\\files-2.1\\software.amazon.awssdk\\ses\\2.21.40\\8926ab124c387249b41c02e32b24e59ef7a00657\\ses-2.21.40.jar;C:\\Users\\Utilisateur\\.gradle\\caches\\modules-2\\files-2.1\\software.amazon.awssdk\\sns\\2.20.153\\2f1025e54a53405b7e6a906ad697f6f64975058c\\sns-2.20.153.jar;C:\\Users\\Utilisateur\\.gradle\\caches\\modules-2\\files-2.1\\software.amazon.awssdk\\s3-transfer-manager\\2.21.40\\914e58391670ab194bcb60f08280c1da3dca2aac\\s3-transfer-manager-2.21.40.jar;C:\\Users\\Utilisateur\\.gradle\\caches\\modules-2\\files-2.1\\software.amazon.awssdk\\s3\\2.21.40\\59328598478d765bd34fcd4fc24ab932de8c5a05\\s3-2.21.40.jar;C:\\Users\\Utilisateur\\.gradle\\caches\\modules-2\\files-2.1\\software.amazon.awssdk\\aws-xml-protocol\\2.21.40\\b6e3e79b4619b3b2f34766a4059c42e78be3ebe5\\aws-xml-protocol-2.21.40.jar;C:\\Users\\Utilisateur\\.gradle\\caches\\modules-2\\files-2.1\\software.amazon.awssdk\\aws-query-protocol\\2.20.26\\62d01a32c684a863b2e7aa288f8faceadef6e5ee\\aws-query-protocol-2.20.26.jar;C:\\Users\\Utilisateur\\.gradle\\caches\\modules-2\\files-2.1\\com.amazonaws\\aws-lambda-java-core\\1.2.3\\4b2c5b56d06034778afb8def8a803614c6017e2\\aws-lambda-java-core-1.2.3.jar;C:\\Users\\Utilisateur\\.gradle\\caches\\modules-2\\files-2.1\\com.amazonaws\\aws-lambda-java-events\\3.11.3\\38d2a58dda4229339943dcf00a17dd56051619f8\\aws-lambda-java-events-3.11.3.jar;C:\\Users\\Utilisateur\\.gradle\\caches\\modules-2\\files-2.1\\software.amazon.awssdk\\sqs\\2.21.40\\1bb9c4ea8639da523548c315eb2da35d08baef07\\sqs-2.21.40.jar;C:\\Users\\Utilisateur\\.gradle\\caches\\modules-2\\files-2.1\\software.amazon.awssdk\\eventbridge\\2.21.40\\454dc0f186e7ad3a5072479dde74855217dee73c\\eventbridge-2.21.40.jar;C:\\Users\\Utilisateur\\.gradle\\caches\\modules-2\\files-2.1\\software.amazon.awssdk.crt\\aws-crt\\0.28.12\\caa10b2f21e884ffdd72789c66be802bcd0c82fe\\aws-crt-0.28.12.jar;C:\\Users\\Utilisateur\\.gradle\\caches\\modules-2\\files-2.1\\jakarta.mail\\jakarta.mail-api\\2.1.2\\e2f24836f1720a6b53d98240a78b4860597428c8\\jakarta.mail-api-2.1.2.jar;C:\\Users\\Utilisateur\\.gradle\\caches\\modules-2\\files-2.1\\io.hypersistence\\hypersistence-utils-hibernate-63\\3.7.3\\9af27ba378cc349dd025ea6070604fb0645b6e05\\hypersistence-utils-hibernate-63-3.7.3.jar;C:\\Users\\Utilisateur\\.gradle\\caches\\modules-2\\files-2.1\\org.springframework.boot\\spring-boot-starter-test\\3.2.2\\8785ad456a809e3eec319d7bbb36c3e971abd00f\\spring-boot-starter-test-3.2.2.jar;C:\\Users\\Utilisateur\\.gradle\\caches\\modules-2\\files-2.1\\org.springframework.boot\\spring-boot-starter-data-jpa\\3.2.2\\65cf3aad09f0218b7dfab849c9b0350d0a9e0d81\\spring-boot-starter-data-jpa-3.2.2.jar;C:\\Users\\Utilisateur\\.gradle\\caches\\modules-2\\files-2.1\\org.hibernate.orm\\hibernate-community-dialects\\6.4.3.Final\\d192539c9f0f373bc866f6420b3a6783878361dd\\hibernate-community-dialects-6.4.3.Final.jar;C:\\Users\\Utilisateur\\.gradle\\caches\\modules-2\\files-2.1\\org.hibernate.orm\\hibernate-core\\6.4.1.Final\\3dcefddf6609e6491d37208bcc0cab1273598cbd\\hibernate-core-6.4.1.Final.jar;C:\\Users\\Utilisateur\\.gradle\\caches\\modules-2\\files-2.1\\org.glassfish.jaxb\\jaxb-runtime\\4.0.4\\7180c50ef8bd127bb1dd645458b906cffcf6c2b5\\jaxb-runtime-4.0.4.jar;C:\\Users\\Utilisateur\\.gradle\\caches\\modules-2\\files-2.1\\org.glassfish.jaxb\\jaxb-core\\4.0.4\\2d5aadd02af86f1e9d8c6f7e8501673f915d4e25\\jaxb-core-4.0.4.jar;C:\\Users\\Utilisateur\\.gradle\\caches\\modules-2\\files-2.1\\jakarta.xml.bind\\jakarta.xml.bind-api\\4.0.1\\ca2330866cbc624c7e5ce982e121db1125d23e15\\jakarta.xml.bind-api-4.0.1.jar;C:\\Users\\Utilisateur\\.gradle\\caches\\modules-2\\files-2.1\\org.eclipse.angus\\angus-activation\\2.0.1\\eaafaf4eb71b400e4136fc3a286f50e34a68ecb7\\angus-activation-2.0.1.jar;C:\\Users\\Utilisateur\\.gradle\\caches\\modules-2\\files-2.1\\jakarta.activation\\jakarta.activation-api\\2.1.2\\640c0d5aff45dbff1e1a1bc09673ff3a02b1ba12\\jakarta.activation-api-2.1.2.jar;C:\\Users\\Utilisateur\\.gradle\\caches\\modules-2\\files-2.1\\com.sun.mail\\jakarta.mail\\2.0.1\\96d3645f02a92bcc5e7ae1ff037151e44179f230\\jakarta.mail-2.0.1.jar;C:\\Users\\Utilisateur\\.gradle\\caches\\modules-2\\files-2.1\\com.sun.activation\\jakarta.activation\\2.0.1\\828b80e886a52bb09fe41ff410b10b342f533ce1\\jakarta.activation-2.0.1.jar;C:\\Users\\Utilisateur\\.gradle\\caches\\modules-2\\files-2.1\\org.apache.tika\\tika-core\\2.9.1\\bfd572826e7023dd6ceeefe1b4d0f6d3d8eef507\\tika-core-2.9.1.jar;C:\\Users\\Utilisateur\\.m2\\repository\\org\\reflections\\reflections\\0.10.2\\reflections-0.10.2.jar;C:\\Users\\Utilisateur\\.gradle\\caches\\modules-2\\files-2.1\\com.sendinblue\\sib-api-v3-sdk\\6.0.0\\4ddd46f1e2110186eb1c304aa4eb26b61ac07365\\sib-api-v3-sdk-6.0.0.jar;C:\\Users\\Utilisateur\\.gradle\\caches\\modules-2\\files-2.1\\io.swagger\\swagger-annotations\\1.6.12\\47688c32bd236a8df0142c08d047760e1f53c991\\swagger-annotations-1.6.12.jar;C:\\Users\\Utilisateur\\.gradle\\caches\\modules-2\\files-2.1\\org.postgresql\\postgresql\\42.6.0\\7614cfce466145b84972781ab0079b8dea49e363\\postgresql-42.6.0.jar;C:\\Users\\Utilisateur\\.gradle\\caches\\modules-2\\files-2.1\\org.xerial\\sqlite-jdbc\\3.45.1.0\\7cd66c2793e4d9511f6da8fc6c621575171c2da1\\sqlite-jdbc-3.45.1.0.jar;C:\\Users\\Utilisateur\\.gradle\\caches\\modules-2\\files-2.1\\org.apache.commons\\commons-compress\\1.28.0\\e482f2c7a88dac3c497e96aa420b6a769f59c8d7\\commons-compress-1.28.0.jar;C:\\Users\\Utilisateur\\.gradle\\caches\\modules-2\\files-2.1\\org.apache.commons\\commons-text\\1.10.0\\3363381aef8cef2dbc1023b3e3a9433b08b64e01\\commons-text-1.10.0.jar;C:\\Users\\Utilisateur\\.gradle\\caches\\modules-2\\files-2.1\\org.geotools\\gt-referencing\\31.0\\9353585945db8cfb2c6c388f5d24bde2dcd2e228\\gt-referencing-31.0.jar;C:\\Users\\Utilisateur\\.gradle\\caches\\modules-2\\files-2.1\\org.geotools\\gt-http\\31.0\\610ec827f5a65c42a7a7bca5ce5f4af0df762617\\gt-http-31.0.jar;C:\\Users\\Utilisateur\\.gradle\\caches\\modules-2\\files-2.1\\org.geotools\\gt-metadata\\31.0\\1f39ad8ae0178dfb11c207d393f2d96b02466e35\\gt-metadata-31.0.jar;C:\\Users\\Utilisateur\\.gradle\\caches\\modules-2\\files-2.1\\org.apache.commons\\commons-lang3\\3.18.0\\fb14946f0e39748a6571de0635acbe44e7885491\\commons-lang3-3.18.0.jar;C:\\Users\\Utilisateur\\.gradle\\caches\\modules-2\\files-2.1\\io.sentry\\sentry-logback\\7.6.0\\50c9e0f5c0a87a166d94e6994276ad1bfa4a92ce\\sentry-logback-7.6.0.jar;C:\\Users\\Utilisateur\\.gradle\\caches\\modules-2\\files-2.1\\io.sentry\\sentry-spring-boot-starter-jakarta\\7.4.0\\f690cab5e13263595f50b9300b2135c15173e1f7\\sentry-spring-boot-starter-jakarta-7.4.0.jar;C:\\Users\\Utilisateur\\.gradle\\caches\\modules-2\\files-2.1\\com.google.apis\\google-api-services-calendar\\v3-rev20220715-2.0.0\\4d124f56ddb22acbc87a9c657714a49725598b0\\google-api-services-calendar-v3-rev20220715-2.0.0.jar;C:\\Users\\Utilisateur\\.gradle\\caches\\modules-2\\files-2.1\\com.google.apis\\google-api-services-drive\\v3-rev20220815-2.0.0\\c557245a8cbfb5d64045232738b56104de710b52\\google-api-services-drive-v3-rev20220815-2.0.0.jar;C:\\Users\\Utilisateur\\.gradle\\caches\\modules-2\\files-2.1\\com.google.apis\\google-api-services-sheets\\v4-rev20220927-2.0.0\\742ffca984c77e5dd33a688336917b93a7bdac2d\\google-api-services-sheets-v4-rev20220927-2.0.0.jar;C:\\Users\\Utilisateur\\.gradle\\caches\\modules-2\\files-2.1\\com.google.api-client\\google-api-client\\2.2.0\\10e53fd4d987e37190432e896bdaa62e8ea2c628\\google-api-client-2.2.0.jar;C:\\Users\\Utilisateur\\.gradle\\caches\\modules-2\\files-2.1\\com.google.oauth-client\\google-oauth-client-jetty\\1.34.1\\a6aff2c1be148bac622e5048e20f536f71b3380d\\google-oauth-client-jetty-1.34.1.jar;C:\\Users\\Utilisateur\\.gradle\\caches\\modules-2\\files-2.1\\org.springframework.boot\\spring-boot-starter-security\\3.2.2\\79676d6fe68878890e26be10ecab126f472d7c0f\\spring-boot-starter-security-3.2.2.jar;C:\\Users\\Utilisateur\\.gradle\\caches\\modules-2\\files-2.1\\org.springframework.boot\\spring-boot-starter-validation\\3.2.2\\faedd363ffbafde6a23bc7183ce79de11a96e780\\spring-boot-starter-validation-3.2.2.jar;C:\\Users\\Utilisateur\\.gradle\\caches\\modules-2\\files-2.1\\com.nimbusds\\nimbus-jose-jwt\\10.0.2\\93347ea9247ae09e095575e10f9cae79c195fbb8\\nimbus-jose-jwt-10.0.2.jar;C:\\Users\\Utilisateur\\.gradle\\caches\\modules-2\\files-2.1\\software.amazon.awssdk\\cognitoidentityprovider\\2.17.109\\afb99777641a7487174ed49d722fd08c1177938b\\cognitoidentityprovider-2.17.109.jar;C:\\Users\\Utilisateur\\.gradle\\caches\\modules-2\\files-2.1\\software.amazon.awssdk\\ssm\\2.17.109\\91a55e0d62bee8257d70e773a084e74255919cd\\ssm-2.17.109.jar;C:\\Users\\Utilisateur\\.gradle\\caches\\modules-2\\files-2.1\\software.amazon.awssdk\\transfer\\2.17.271\\fb6ca9d546d9ab07178c64e406a2364c4d3f3f4d\\transfer-2.17.271.jar;C:\\Users\\Utilisateur\\.gradle\\caches\\modules-2\\files-2.1\\software.amazon.awssdk\\aws-json-protocol\\2.21.40\\f9d4f4da875f8e3b97c7d29eecf3735e8c2257c3\\aws-json-protocol-2.21.40.jar;C:\\Users\\Utilisateur\\.gradle\\caches\\modules-2\\files-2.1\\software.amazon.awssdk\\protocol-core\\2.17.292\\a50965c4e3aabf4353f6a6b1e926d7466c7b3523\\protocol-core-2.17.292.jar;C:\\Users\\Utilisateur\\.gradle\\caches\\modules-2\\files-2.1\\org.springframework.retry\\spring-retry\\1.3.1\\f8644c86f2be54623c3b336a56b54216841a3f22\\spring-retry-1.3.1.jar;C:\\Users\\Utilisateur\\.gradle\\caches\\modules-2\\files-2.1\\org.thymeleaf\\thymeleaf\\3.0.15.RELEASE\\13e3296a03d8a597b734d832ed8656139bf9cdd8\\thymeleaf-3.0.15.RELEASE.jar;C:\\Users\\Utilisateur\\.gradle\\caches\\modules-2\\files-2.1\\org.xhtmlrenderer\\flying-saucer-pdf\\9.1.22\\5723fb69db4c3040a293fa12654a5a970b9e755d\\flying-saucer-pdf-9.1.22.jar;C:\\Users\\Utilisateur\\.gradle\\caches\\modules-2\\files-2.1\\com.google.zxing\\javase\\3.5.0\\8d18b81e6bf1c783166387c1b077ec2a13f01818\\javase-3.5.0.jar;C:\\Users\\Utilisateur\\.gradle\\caches\\modules-2\\files-2.1\\com.google.zxing\\core\\3.5.0\\43cad2dc52f93c72e21ba4bd0a9244f04bb51fad\\core-3.5.0.jar;C:\\Users\\Utilisateur\\.gradle\\caches\\modules-2\\files-2.1\\org.apfloat\\apfloat\\1.10.1\\a32c54f97317c72c9377bb4f2cdecd52fe6329a\\apfloat-1.10.1.jar;C:\\Users\\Utilisateur\\.gradle\\caches\\modules-2\\files-2.1\\org.apache.poi\\poi-ooxml\\3.12\\d7a6675a9e99f351c9f3b98ca21e293d3ca12b08\\poi-ooxml-3.12.jar;C:\\Users\\Utilisateur\\.gradle\\caches\\modules-2\\files-2.1\\org.apache.poi\\poi\\3.12\\8be19a6a1fa08e934a497929f360111a4d2e5115\\poi-3.12.jar;C:\\Users\\Utilisateur\\.gradle\\caches\\modules-2\\files-2.1\\org.jsoup\\jsoup\\1.15.3\\f6e1d8a8819f854b681c8eaa57fd59a42329e10c\\jsoup-1.15.3.jar;C:\\Users\\Utilisateur\\.gradle\\caches\\modules-2\\files-2.1\\javax.activation\\activation\\1.1.1\\485de3a253e23f645037828c07f1d7f1af40763a\\activation-1.1.1.jar;C:\\Users\\Utilisateur\\.gradle\\caches\\modules-2\\files-2.1\\com.google.maps\\google-maps-services\\2.2.0\\ef8ee2ed8828761e05b6effb1e1ac2faca01c758\\google-maps-services-2.2.0.jar;C:\\Users\\Utilisateur\\.gradle\\caches\\modules-2\\files-2.1\\com.stripe\\stripe-java\\28.0.1\\417f3bb6bb7f384351c6f9184c4b9de220ffc30e\\stripe-java-28.0.1.jar;C:\\Users\\Utilisateur\\.gradle\\caches\\modules-2\\files-2.1\\com.github.librepdf\\openpdf\\1.3.32\\d3c9b7c514fed64ae348c07adff4a98a4e74a49e\\openpdf-1.3.32.jar;C:\\Users\\Utilisateur\\.gradle\\caches\\modules-2\\files-2.1\\io.github.openhtmltopdf\\openhtmltopdf-pdfbox\\1.1.31\\f524a1293ab7e701fa040099e9c01d9affa5aa61\\openhtmltopdf-pdfbox-1.1.31.jar;C:\\Users\\Utilisateur\\.gradle\\caches\\modules-2\\files-2.1\\io.github.openhtmltopdf\\openhtmltopdf-svg-support\\1.1.31\\3395601282a0a34f29678af3f782ab89038cc1c5\\openhtmltopdf-svg-support-1.1.31.jar;C:\\Users\\Utilisateur\\.gradle\\caches\\modules-2\\files-2.1\\net.coobird\\thumbnailator\\0.4.14\\d97099e4d7fbfac71962c4a258adb14183e043c3\\thumbnailator-0.4.14.jar;C:\\Users\\Utilisateur\\.gradle\\caches\\modules-2\\files-2.1\\org.junit-pioneer\\junit-pioneer\\2.2.0\\b29babc6cd0db6e0dd85e1d6d5dd79880dc809e9\\junit-pioneer-2.2.0.jar;C:\\Users\\Utilisateur\\.gradle\\caches\\modules-2\\files-2.1\\org.mockito\\mockito-inline\\4.6.1\\3d1dffee9a8a1998ec782383ca2f818848f2d5f1\\mockito-inline-4.6.1.jar;C:\\Users\\Utilisateur\\.gradle\\caches\\modules-2\\files-2.1\\org.springframework.security\\spring-security-test\\6.2.1\\5e88b6a8c51a56dfe2756ac7143f04c07553de03\\spring-security-test-6.2.1.jar;C:\\Users\\Utilisateur\\.gradle\\caches\\modules-2\\files-2.1\\org.springframework.boot\\spring-boot-starter-aop\\3.2.2\\f01ecef0ce5f8d5631890a0c456a88a72323b569\\spring-boot-starter-aop-3.2.2.jar;C:\\Users\\Utilisateur\\.gradle\\caches\\modules-2\\files-2.1\\org.springframework.boot\\spring-boot-starter-jdbc\\3.2.2\\22ffda6938dca5f584c8b1b64e4e9096e8302c1e\\spring-boot-starter-jdbc-3.2.2.jar;C:\\Users\\Utilisateur\\.gradle\\caches\\modules-2\\files-2.1\\org.springframework.boot\\spring-boot-starter\\3.2.2\\dc04714f9295297f92fa8099eb51edc54dbe67db\\spring-boot-starter-3.2.2.jar;C:\\Users\\Utilisateur\\.gradle\\caches\\modules-2\\files-2.1\\org.springframework.boot\\spring-boot-starter-tomcat\\3.2.2\\e22a0ba37910731b382f3fe47ad36aed20fad24d\\spring-boot-starter-tomcat-3.2.2.jar;C:\\Users\\Utilisateur\\.gradle\\caches\\modules-2\\files-2.1\\org.springframework.cloud\\spring-cloud-function-serverless-web\\4.1.4\\621161d5604fbc2217e3e9322b81ebf415af134e\\spring-cloud-function-serverless-web-4.1.4.jar;C:\\Users\\Utilisateur\\.gradle\\caches\\modules-2\\files-2.1\\org.springframework\\spring-webmvc\\6.1.3\\f4738a57787add6567e0679eebb1b499a11019cc\\spring-webmvc-6.1.3.jar;C:\\Users\\Utilisateur\\.gradle\\caches\\modules-2\\files-2.1\\org.springframework.security\\spring-security-web\\6.2.1\\4b486977ab1bcdd5dcc6aa5d8a367f1c0814bf56\\spring-security-web-6.2.1.jar;C:\\Users\\Utilisateur\\.gradle\\caches\\modules-2\\files-2.1\\org.springframework\\spring-web\\6.1.3\\cc3459b4abd436331608ddb6424886875f7086ab\\spring-web-6.1.3.jar;C:\\Users\\Utilisateur\\.gradle\\caches\\modules-2\\files-2.1\\software.amazon.awssdk\\aws-core\\2.21.40\\a16c8f6df9bd109bbad88e1305ad543c8e9068ff\\aws-core-2.21.40.jar;C:\\Users\\Utilisateur\\.gradle\\caches\\modules-2\\files-2.1\\software.amazon.awssdk\\auth\\2.21.40\\35dfb5a4ba81867728bb76ad361052c36ae7d6ac\\auth-2.21.40.jar;C:\\Users\\Utilisateur\\.gradle\\caches\\modules-2\\files-2.1\\software.amazon.awssdk\\regions\\2.21.40\\c3980558a2fac93ccf9a9e0012ed4f9ad9d0b73c\\regions-2.21.40.jar;C:\\Users\\Utilisateur\\.gradle\\caches\\modules-2\\files-2.1\\software.amazon.awssdk\\sdk-core\\2.21.40\\391ee3e8d735e65b2e673a4f2a95bb59f50b7f63\\sdk-core-2.21.40.jar;C:\\Users\\Utilisateur\\.gradle\\caches\\modules-2\\files-2.1\\software.amazon.awssdk\\http-auth-aws\\2.21.40\\2080bc865f9cf700c4678d9e92913ad7774abb84\\http-auth-aws-2.21.40.jar;C:\\Users\\Utilisateur\\.gradle\\caches\\modules-2\\files-2.1\\software.amazon.awssdk\\http-auth\\2.21.40\\37c68a83b46f1379f41f0fd46d88c9127a02c2b9\\http-auth-2.21.40.jar;C:\\Users\\Utilisateur\\.gradle\\caches\\modules-2\\files-2.1\\software.amazon.awssdk\\http-auth-spi\\2.21.40\\3763606e224e647ae59975d146f62e7fa8f8a004\\http-auth-spi-2.21.40.jar;C:\\Users\\Utilisateur\\.gradle\\caches\\modules-2\\files-2.1\\software.amazon.awssdk\\apache-client\\2.21.40\\c85db84bfacf67fe9278a4d1775774750cd4f55c\\apache-client-2.21.40.jar;C:\\Users\\Utilisateur\\.gradle\\caches\\modules-2\\files-2.1\\software.amazon.awssdk\\netty-nio-client\\2.21.40\\4412861c773c475da1553cd6030074f91a443757\\netty-nio-client-2.21.40.jar;C:\\Users\\Utilisateur\\.gradle\\caches\\modules-2\\files-2.1\\software.amazon.awssdk\\http-client-spi\\2.21.40\\aae2d1cef0f805efa36383e7a0f8c5fcf7ab7be8\\http-client-spi-2.21.40.jar;C:\\Users\\Utilisateur\\.gradle\\caches\\modules-2\\files-2.1\\software.amazon.awssdk\\identity-spi\\2.21.40\\c8009ff55bcd5482b4f1e89f8026db1ffd10cfdf\\identity-spi-2.21.40.jar;C:\\Users\\Utilisateur\\.gradle\\caches\\modules-2\\files-2.1\\software.amazon.awssdk\\metrics-spi\\2.21.40\\a43405adcc8a13018942afa8bcc578d1eedca9b6\\metrics-spi-2.21.40.jar;C:\\Users\\Utilisateur\\.gradle\\caches\\modules-2\\files-2.1\\software.amazon.awssdk\\json-utils\\2.21.40\\9f888c83764fa4179a69b71e4b29981aed794038\\json-utils-2.21.40.jar;C:\\Users\\Utilisateur\\.gradle\\caches\\modules-2\\files-2.1\\software.amazon.awssdk\\arns\\2.21.40\\a99634492b0eb6f824108c76dd31eeb80b223fd8\\arns-2.21.40.jar;C:\\Users\\Utilisateur\\.gradle\\caches\\modules-2\\files-2.1\\software.amazon.awssdk\\profiles\\2.21.40\\859228b1b098b835e61c7825a0ef7d28172ddb23\\profiles-2.21.40.jar;C:\\Users\\Utilisateur\\.gradle\\caches\\modules-2\\files-2.1\\software.amazon.awssdk\\crt-core\\2.21.40\\87ae688795ce7f9a83f6f2d9186571af93afb4e0\\crt-core-2.21.40.jar;C:\\Users\\Utilisateur\\.gradle\\caches\\modules-2\\files-2.1\\software.amazon.awssdk\\utils\\2.21.40\\966fe822556b6a7dc500eb0c1afe4625f3ec16b9\\utils-2.21.40.jar;C:\\Users\\Utilisateur\\.gradle\\caches\\modules-2\\files-2.1\\org.springframework.data\\spring-data-jpa\\3.2.2\\f91a3896c2a6139ac1da1fd8ff4350ca4b0e409e\\spring-data-jpa-3.2.2.jar;C:\\Users\\Utilisateur\\.gradle\\caches\\modules-2\\files-2.1\\com.github.docker-java\\docker-java-transport-zerodep\\3.7.0\\55185d3af96befa953dcb0b89de3751f95999511\\docker-java-transport-zerodep-3.7.0.jar;C:\\Users\\Utilisateur\\.gradle\\caches\\modules-2\\files-2.1\\com.jayway.jsonpath\\json-path\\2.8.0\\b4ab3b7a9e425655a0ca65487bbbd6d7ddb75160\\json-path-2.8.0.jar;C:\\Users\\Utilisateur\\.gradle\\caches\\modules-2\\files-2.1\\com.zaxxer\\HikariCP\\5.0.1\\a74c7f0a37046846e88d54f7cb6ea6d565c65f9c\\HikariCP-5.0.1.jar;C:\\Users\\Utilisateur\\.gradle\\caches\\modules-2\\files-2.1\\org.springframework.data\\spring-data-commons\\3.2.2\\9b0b0f5f5bc793463a81171d6889809abc14b19b\\spring-data-commons-3.2.2.jar;C:\\Users\\Utilisateur\\.gradle\\caches\\modules-2\\files-2.1\\org.springframework.boot\\spring-boot-starter-logging\\3.2.2\\3347c3b1cec6cf2d5fa186d1e49d2f378a6b7cae\\spring-boot-starter-logging-3.2.2.jar;C:\\Users\\Utilisateur\\.gradle\\caches\\modules-2\\files-2.1\\ch.qos.logback\\logback-classic\\1.4.14\\d98bc162275134cdf1518774da4a2a17ef6fb94d\\logback-classic-1.4.14.jar;C:\\Users\\Utilisateur\\.gradle\\caches\\modules-2\\files-2.1\\org.apache.logging.log4j\\log4j-to-slf4j\\2.21.1\\d77b2ba81711ed596cd797cc2b5b5bd7409d841c\\log4j-to-slf4j-2.21.1.jar;C:\\Users\\Utilisateur\\.gradle\\caches\\modules-2\\files-2.1\\org.slf4j\\jul-to-slf4j\\2.0.11\\279356f8e873b1a26badd8bbb3284b5c3b22c770\\jul-to-slf4j-2.0.11.jar;C:\\Users\\Utilisateur\\.gradle\\caches\\modules-2\\files-2.1\\org.slf4j\\slf4j-api\\2.0.11\\ad96c3f8cf895e696dd35c2bc8e8ebe710be9e6d\\slf4j-api-2.0.11.jar;C:\\Users\\Utilisateur\\.gradle\\caches\\modules-2\\files-2.1\\software.amazon.awssdk\\endpoints-spi\\2.21.40\\293fa40e5e3267132b9d0e88581de952b590f5f0\\endpoints-spi-2.21.40.jar;C:\\Users\\Utilisateur\\.gradle\\caches\\modules-2\\files-2.1\\software.amazon.awssdk\\checksums\\2.21.40\\56cc2c329c775f97e647f57e0fa2e4dc464d0755\\checksums-2.21.40.jar;C:\\Users\\Utilisateur\\.gradle\\caches\\modules-2\\files-2.1\\software.amazon.awssdk\\checksums-spi\\2.21.40\\41b20606644967d5fd394b5f512f0be7d5325016\\checksums-spi-2.21.40.jar;C:\\Users\\Utilisateur\\.gradle\\caches\\modules-2\\files-2.1\\software.amazon.awssdk\\annotations\\2.21.40\\aad81823cc1bead88b7a0ba3b3b342f0ffdd7bdd\\annotations-2.21.40.jar;C:\\Users\\Utilisateur\\.gradle\\caches\\modules-2\\files-2.1\\joda-time\\joda-time\\2.10.8\\b0442d652c209a7ba7af0410ce219d997a447701\\joda-time-2.10.8.jar;C:\\Users\\Utilisateur\\.gradle\\caches\\modules-2\\files-2.1\\org.apache.xmlgraphics\\batik-codec\\1.17\\7cceac705d050a9730e7032da43a42c66cfadc41\\batik-codec-1.17.jar;C:\\Users\\Utilisateur\\.gradle\\caches\\modules-2\\files-2.1\\org.apache.xmlgraphics\\batik-transcoder\\1.17\\59714b2b8848f0ade8de47ca555f9a75d5191834\\batik-transcoder-1.17.jar;C:\\Users\\Utilisateur\\.gradle\\caches\\modules-2\\files-2.1\\org.apache.xmlgraphics\\batik-bridge\\1.17\\d8246a26d8e0503fc30822fed2a8595b3659af90\\batik-bridge-1.17.jar;C:\\Users\\Utilisateur\\.gradle\\caches\\modules-2\\files-2.1\\org.apache.xmlgraphics\\batik-script\\1.17\\958bad8baa3a77a73152281418256b608801232d\\batik-script-1.17.jar;C:\\Users\\Utilisateur\\.gradle\\caches\\modules-2\\files-2.1\\org.apache.xmlgraphics\\batik-anim\\1.17\\89e5d61a4328d6755dd7903fb5e7f0b265ff8fbe\\batik-anim-1.17.jar;C:\\Users\\Utilisateur\\.gradle\\caches\\modules-2\\files-2.1\\org.apache.xmlgraphics\\batik-gvt\\1.17\\33f70788de9f7d31d69db22c0afaf304424ff799\\batik-gvt-1.17.jar;C:\\Users\\Utilisateur\\.gradle\\caches\\modules-2\\files-2.1\\org.apache.xmlgraphics\\batik-svggen\\1.17\\2ecd4a5ab064e89172fbdd025c422e04a57a1024\\batik-svggen-1.17.jar;C:\\Users\\Utilisateur\\.gradle\\caches\\modules-2\\files-2.1\\org.apache.xmlgraphics\\batik-svg-dom\\1.17\\54a25b9b691bcc302c0dd36d80f56e81a9ebed91\\batik-svg-dom-1.17.jar;C:\\Users\\Utilisateur\\.gradle\\caches\\modules-2\\files-2.1\\org.apache.xmlgraphics\\batik-parser\\1.17\\da9d3057be108e6ac8799cc8efed1e2b490ba37c\\batik-parser-1.17.jar;C:\\Users\\Utilisateur\\.gradle\\caches\\modules-2\\files-2.1\\org.apache.xmlgraphics\\batik-awt-util\\1.17\\e3f71c6f07da863228b64a59bf059c4611c3952\\batik-awt-util-1.17.jar;C:\\Users\\Utilisateur\\.gradle\\caches\\modules-2\\files-2.1\\org.apache.xmlgraphics\\batik-dom\\1.17\\efcb39f1007187565c264a5f1d12ebcf67efb761\\batik-dom-1.17.jar;C:\\Users\\Utilisateur\\.gradle\\caches\\modules-2\\files-2.1\\org.apache.xmlgraphics\\batik-css\\1.17\\d5ff4e0463af8a0ea5ab8d782c5418bab2f45c4d\\batik-css-1.17.jar;C:\\Users\\Utilisateur\\.gradle\\caches\\modules-2\\files-2.1\\org.apache.xmlgraphics\\xmlgraphics-commons\\2.9\\de2d1bd8d40474bbe876bb269410c750489f08e5\\xmlgraphics-commons-2.9.jar;C:\\Users\\Utilisateur\\.gradle\\caches\\modules-2\\files-2.1\\org.apache.commons\\commons-fileupload2-jakarta-servlet6\\2.0.0-M2\\de8ac10c2fcf051714db8c23754cce58eacdcdb6\\commons-fileupload2-jakarta-servlet6-2.0.0-M2.jar;C:\\Users\\Utilisateur\\.gradle\\caches\\modules-2\\files-2.1\\org.apache.commons\\commons-fileupload2-core\\2.0.0-M2\\5b16aec91c2e0b0e6052bff9795045c2704f6ca7\\commons-fileupload2-core-2.0.0-M2.jar;C:\\Users\\Utilisateur\\.gradle\\caches\\modules-2\\files-2.1\\commons-io\\commons-io\\2.20.0\\36f3474daec2849c149e877614e7f979b2082cd2\\commons-io-2.20.0.jar;C:\\Users\\Utilisateur\\.gradle\\caches\\modules-2\\files-2.1\\ognl\\ognl\\3.1.26\\922d3d922b8aa40146d842114c184c8b403d2f4f\\ognl-3.1.26.jar;C:\\Users\\Utilisateur\\.m2\\repository\\org\\javassist\\javassist\\3.28.0-GA\\javassist-3.28.0-GA.jar;C:\\Users\\Utilisateur\\.gradle\\caches\\modules-2\\files-2.1\\com.google.oauth-client\\google-oauth-client-java6\\1.34.1\\af6b85ed729e96a5257741986e823aa241f3d9a4\\google-oauth-client-java6-1.34.1.jar;C:\\Users\\Utilisateur\\.gradle\\caches\\modules-2\\files-2.1\\com.google.oauth-client\\google-oauth-client\\1.34.1\\4a4f88c5e13143f882268c98239fb85c3b2c6cb2\\google-oauth-client-1.34.1.jar;C:\\Users\\Utilisateur\\.gradle\\caches\\modules-2\\files-2.1\\com.google.http-client\\google-http-client-gson\\1.42.3\\3251b36ee9e9c3effe3293f8d7094aa3841cad55\\google-http-client-gson-1.42.3.jar;C:\\Users\\Utilisateur\\.gradle\\caches\\modules-2\\files-2.1\\com.google.http-client\\google-http-client-apache-v2\\1.42.3\\3dc8cea436c52d0d248abe9648b0e4f1d02bd500\\google-http-client-apache-v2-1.42.3.jar;C:\\Users\\Utilisateur\\.gradle\\caches\\modules-2\\files-2.1\\com.google.http-client\\google-http-client\\1.42.3\\e0feb1bd93ad9fb1e064706cff96e32b41a57b9c\\google-http-client-1.42.3.jar;C:\\Users\\Utilisateur\\.gradle\\caches\\modules-2\\files-2.1\\io.opencensus\\opencensus-contrib-http-util\\0.31.1\\3c13fc5715231fadb16a9b74a44d9d59c460cfa8\\opencensus-contrib-http-util-0.31.1.jar;C:\\Users\\Utilisateur\\.m2\\repository\\com\\google\\guava\\guava\\31.1-jre\\guava-31.1-jre.jar;C:\\Users\\Utilisateur\\.m2\\repository\\com\\google\\code\\findbugs\\jsr305\\3.0.2\\jsr305-3.0.2.jar;C:\\Users\\Utilisateur\\.gradle\\caches\\modules-2\\files-2.1\\org.springframework\\spring-aspects\\6.1.3\\c8b5dde3568dc5df6109916d8ad4866efe4e61fd\\spring-aspects-6.1.3.jar;C:\\Users\\Utilisateur\\.gradle\\caches\\modules-2\\files-2.1\\io.gsonfire\\gson-fire\\1.8.2\\2daf7408cb7908327216365c7b176335f222d053\\gson-fire-1.8.2.jar;C:\\Users\\Utilisateur\\.gradle\\caches\\modules-2\\files-2.1\\com.google.code.gson\\gson\\2.10.1\\b3add478d4382b78ea20b1671390a858002feb6c\\gson-2.10.1.jar;C:\\Users\\Utilisateur\\.gradle\\caches\\modules-2\\files-2.1\\org.checkerframework\\checker-qual\\3.31.0\\eeefd4af42e2f4221d145c1791582f91868f99ab\\checker-qual-3.31.0.jar;C:\\Users\\Utilisateur\\.gradle\\caches\\modules-2\\files-2.1\\org.hibernate.validator\\hibernate-validator\\8.0.1.Final\\e49e116b3d3928060599b176b3538bb848718e95\\hibernate-validator-8.0.1.Final.jar;C:\\Users\\Utilisateur\\.m2\\repository\\org\\jboss\\logging\\jboss-logging\\3.5.3.Final\\jboss-logging-3.5.3.Final.jar;C:\\Users\\Utilisateur\\.gradle\\caches\\modules-2\\files-2.1\\io.sentry\\sentry-spring-boot-jakarta\\7.4.0\\8160aa7174ffcd06e93ebe7641a3d378102b432b\\sentry-spring-boot-jakarta-7.4.0.jar;C:\\Users\\Utilisateur\\.gradle\\caches\\modules-2\\files-2.1\\io.sentry\\sentry-spring-jakarta\\7.4.0\\dcd0a62d6dad2ab6393b53e38b4c550a6bdccd82\\sentry-spring-jakarta-7.4.0.jar;C:\\Users\\Utilisateur\\.gradle\\caches\\modules-2\\files-2.1\\io.sentry\\sentry\\7.6.0\\b64d0f7e5a7683e31b10a0a37a5473c7c7d30ce\\sentry-7.6.0.jar;C:\\Users\\Utilisateur\\.m2\\repository\\org\\apache\\httpcomponents\\httpmime\\4.5.14\\httpmime-4.5.14.jar;C:\\Users\\Utilisateur\\.m2\\repository\\org\\apache\\httpcomponents\\httpclient\\4.5.14\\httpclient-4.5.14.jar;C:\\Users\\Utilisateur\\.gradle\\caches\\modules-2\\files-2.1\\commons-codec\\commons-codec\\1.16.0\\4e3eb3d79888d76b54e28b350915b5dc3919c9de\\commons-codec-1.16.0.jar;C:\\Users\\Utilisateur\\.m2\\repository\\org\\apache\\httpcomponents\\httpcore\\4.4.16\\httpcore-4.4.16.jar;C:\\Users\\Utilisateur\\.gradle\\caches\\modules-2\\files-2.1\\org.springframework.security\\spring-security-config\\6.2.1\\119953fd2980d50e1119b913a8596e5e6bdc1295\\spring-security-config-6.2.1.jar;C:\\Users\\Utilisateur\\.gradle\\caches\\modules-2\\files-2.1\\org.springframework.security\\spring-security-core\\6.2.1\\b4014a04f217f0f48d15bc7d53906b6911ad855f\\spring-security-core-6.2.1.jar;C:\\Users\\Utilisateur\\.gradle\\caches\\modules-2\\files-2.1\\org.springframework.boot\\spring-boot-test-autoconfigure\\3.2.2\\3413e663b2e3e005db07a60883ac6cd01b0dc0c\\spring-boot-test-autoconfigure-3.2.2.jar;C:\\Users\\Utilisateur\\.gradle\\caches\\modules-2\\files-2.1\\org.springframework.boot\\spring-boot-test\\3.2.2\\9e76de9c9f520865c5d62588323f018a9d4e9077\\spring-boot-test-3.2.2.jar;C:\\Users\\Utilisateur\\.gradle\\caches\\modules-2\\files-2.1\\org.springframework.boot\\spring-boot-autoconfigure\\3.2.2\\5c407409f8d260a4bc6e173d16fc3b36e6adec21\\spring-boot-autoconfigure-3.2.2.jar;C:\\Users\\Utilisateur\\.gradle\\caches\\modules-2\\files-2.1\\org.springframework.boot\\spring-boot\\3.2.2\\9f274d1bd822c4c57bb5b37ecae2380b980f567\\spring-boot-3.2.2.jar;C:\\Users\\Utilisateur\\.gradle\\caches\\modules-2\\files-2.1\\org.springframework\\spring-context\\6.1.3\\c63f038933701058fd7578460c66dbe2d424915\\spring-context-6.1.3.jar;C:\\Users\\Utilisateur\\.gradle\\caches\\modules-2\\files-2.1\\org.springframework\\spring-aop\\6.1.3\\4d9bd4bd9b8bedf9ef151b45c79766b336117b9a\\spring-aop-6.1.3.jar;C:\\Users\\Utilisateur\\.gradle\\caches\\modules-2\\files-2.1\\org.apache.tomcat.embed\\tomcat-embed-el\\10.1.18\\b2c4dc05abd363c63b245523bb071727aa2f1046\\tomcat-embed-el-10.1.18.jar;C:\\Users\\Utilisateur\\.gradle\\caches\\modules-2\\files-2.1\\com.squareup.okhttp\\logging-interceptor\\2.7.5\\229decd4f18b3133eeabb0005e1d3f6e66074528\\logging-interceptor-2.7.5.jar;C:\\Users\\Utilisateur\\.gradle\\caches\\modules-2\\files-2.1\\com.squareup.okhttp\\okhttp\\2.7.5\\7a15a7db50f86c4b64aa3367424a60e3a325b8f1\\okhttp-2.7.5.jar;C:\\Users\\Utilisateur\\.gradle\\caches\\modules-2\\files-2.1\\com.squareup.okhttp3\\okhttp\\4.12.0\\2f4525d4a200e97e1b87449c2cd9bd2e25b7e8cd\\okhttp-4.12.0.jar;C:\\Users\\Utilisateur\\.gradle\\caches\\modules-2\\files-2.1\\org.threeten\\threetenbp\\1.3.5\\61975ba9d4f65368344f92d6bbae4c777bc5bc2e\\threetenbp-1.3.5.jar;C:\\Users\\Utilisateur\\.gradle\\caches\\modules-2\\files-2.1\\org.attoparser\\attoparser\\2.0.5.RELEASE\\a93ad36df9560de3a5312c1d14f69d938099fa64\\attoparser-2.0.5.RELEASE.jar;C:\\Users\\Utilisateur\\.gradle\\caches\\modules-2\\files-2.1\\org.unbescape\\unbescape\\1.1.6.RELEASE\\7b90360afb2b860e09e8347112800d12c12b2a13\\unbescape-1.1.6.RELEASE.jar;C:\\Users\\Utilisateur\\.gradle\\caches\\modules-2\\files-2.1\\com.lowagie\\itext\\2.1.7\\892bfb3e97074a61123b3b2d7caa2db112750864\\itext-2.1.7.jar;C:\\Users\\Utilisateur\\.gradle\\caches\\modules-2\\files-2.1\\org.bouncycastle\\bctsp-jdk14\\1.46\\6ebffec28dbbaa24d5d7270a61993aa376d85ef1\\bctsp-jdk14-1.46.jar;C:\\Users\\Utilisateur\\.gradle\\caches\\modules-2\\files-2.1\\org.bouncycastle\\bcmail-jdk14\\1.64\\49aeb13e226ccdb7bb26a7650945acc3a97fb738\\bcmail-jdk14-1.64.jar;C:\\Users\\Utilisateur\\.gradle\\caches\\modules-2\\files-2.1\\org.bouncycastle\\bcpkix-jdk14\\1.64\\55072fa3427cbffa85db48c604c581ec3982fb10\\bcpkix-jdk14-1.64.jar;C:\\Users\\Utilisateur\\.gradle\\caches\\modules-2\\files-2.1\\org.bouncycastle\\bcprov-jdk14\\1.64\\a416d1447e6d35b74525b70fd6e19a608aabb548\\bcprov-jdk14-1.64.jar;C:\\Users\\Utilisateur\\.gradle\\caches\\modules-2\\files-2.1\\org.xhtmlrenderer\\flying-saucer-core\\9.1.22\\6c8b42abe1fc5dcd35f1b259c20f129a6514d328\\flying-saucer-core-9.1.22.jar;C:\\Users\\Utilisateur\\.gradle\\caches\\modules-2\\files-2.1\\com.beust\\jcommander\\1.82\\a7c5fef184d238065de38f81bbc6ee50cca2e21\\jcommander-1.82.jar;C:\\Users\\Utilisateur\\.gradle\\caches\\modules-2\\files-2.1\\com.github.jai-imageio\\jai-imageio-core\\1.4.0\\fb6d79b929556362a241b2f65a04e538062f0077\\jai-imageio-core-1.4.0.jar;C:\\Users\\Utilisateur\\.gradle\\caches\\modules-2\\files-2.1\\org.apache.poi\\poi-ooxml-schemas\\3.12\\f74d5b8b80fa17e174660c84f54d888912a97106\\poi-ooxml-schemas-3.12.jar;C:\\Users\\Utilisateur\\.gradle\\caches\\modules-2\\files-2.1\\io.hypersistence\\hypersistence-tsid\\2.1.1\\a80cf39312e81f97c8c84924a52bd8fafb4bfea4\\hypersistence-tsid-2.1.1.jar;C:\\Users\\Utilisateur\\.gradle\\caches\\modules-2\\files-2.1\\com.googlecode.json-simple\\json-simple\\1.1.1\\c9ad4a0850ab676c5c64461a05ca524cdfff59f1\\json-simple-1.1.1.jar;C:\\Users\\Utilisateur\\.gradle\\caches\\modules-2\\files-2.1\\org.geotools\\gt-api\\31.0\\3df444e1142a02f675e9ae9e4830e74734e6bfcf\\gt-api-31.0.jar;C:\\Users\\Utilisateur\\.gradle\\caches\\modules-2\\files-2.1\\org.geotools.ogc\\net.opengis.ows\\31.0\\949e281cef84b8d9c98ee1cacafb76ed9378d523\\net.opengis.ows-31.0.jar;C:\\Users\\Utilisateur\\.gradle\\caches\\modules-2\\files-2.1\\org.geotools.ogc\\org.w3.xlink\\31.0\\7367e8f7fee318938671dfb0f1c75395f7c26340\\org.w3.xlink-31.0.jar;C:\\Users\\Utilisateur\\.gradle\\caches\\modules-2\\files-2.1\\javax.media\\jai_core\\1.1.3\\b179d2efb1174658483e8b41bf4ac9d2eb5de438\\jai_core-1.1.3.jar;C:\\Users\\Utilisateur\\.gradle\\caches\\modules-2\\files-2.1\\io.opencensus\\opencensus-api\\0.31.1\\66a60c7201c2b8b20ce495f0295b32bb0ccbbc57\\opencensus-api-0.31.1.jar;C:\\Users\\Utilisateur\\.gradle\\caches\\modules-2\\files-2.1\\org.apache.pdfbox\\pdfbox\\3.0.3\\a739bfc1b72d2f98d973cd1419f5ae2decd36068\\pdfbox-3.0.3.jar;C:\\Users\\Utilisateur\\.gradle\\caches\\modules-2\\files-2.1\\org.apache.pdfbox\\xmpbox\\3.0.3\\114270724dfce4fe07e7111a9973d839352e1658\\xmpbox-3.0.3.jar;C:\\Users\\Utilisateur\\.gradle\\caches\\modules-2\\files-2.1\\io.github.openhtmltopdf\\openhtmltopdf-core\\1.1.31\\3123e072acfe63f24c28f741dafe587577f5b9e3\\openhtmltopdf-core-1.1.31.jar;C:\\Users\\Utilisateur\\.gradle\\caches\\modules-2\\files-2.1\\de.rototor.pdfbox\\graphics2d\\3.0.1\\660c5e7359e89403e14ebd8803ca3e12ab750eda\\graphics2d-3.0.1.jar;C:\\Users\\Utilisateur\\.gradle\\caches\\modules-2\\files-2.1\\org.apache.xmlgraphics\\batik-ext\\1.17\\fd2e4166a14f8bbe099162ad88cfe64be09d35a2\\batik-ext-1.17.jar;C:\\Users\\Utilisateur\\.gradle\\caches\\modules-2\\files-2.1\\org.rnorth.duct-tape\\duct-tape\\1.0.8\\92edc22a9ab2f3e17c9bf700aaee377d50e8b530\\duct-tape-1.0.8.jar;C:\\Users\\Utilisateur\\.gradle\\caches\\modules-2\\files-2.1\\net.minidev\\json-smart\\2.5.0\\57a64f421b472849c40e77d2e7cce3a141b41e99\\json-smart-2.5.0.jar;C:\\Users\\Utilisateur\\.gradle\\caches\\modules-2\\files-2.1\\org.assertj\\assertj-core\\3.24.2\\ebbf338e33f893139459ce5df023115971c2786f\\assertj-core-3.24.2.jar;C:\\Users\\Utilisateur\\.gradle\\caches\\modules-2\\files-2.1\\org.awaitility\\awaitility\\4.2.0\\2c39784846001a9cffd6c6b89c78de62c0d80fb8\\awaitility-4.2.0.jar;C:\\Users\\Utilisateur\\.m2\\repository\\org\\hamcrest\\hamcrest\\2.2\\hamcrest-2.2.jar;C:\\Users\\Utilisateur\\.gradle\\caches\\modules-2\\files-2.1\\org.junit.jupiter\\junit-jupiter-params\\5.10.1\\c8f15d4e99940c4564098af78c10809c00fdca06\\junit-jupiter-params-5.10.1.jar;C:\\Users\\Utilisateur\\.gradle\\caches\\modules-2\\files-2.1\\org.junit.platform\\junit-platform-launcher\\1.10.1\\ce85bf5e38bee0989ded9bd468dd4ff78dc0cfa8\\junit-platform-launcher-1.10.1.jar;C:\\Users\\Utilisateur\\.gradle\\caches\\modules-2\\files-2.1\\org.junit.jupiter\\junit-jupiter\\5.10.1\\6e5c7dd668d6349cb99e52ab8321e73479a309bc\\junit-jupiter-5.10.1.jar;C:\\Users\\Utilisateur\\.gradle\\caches\\modules-2\\files-2.1\\org.mockito\\mockito-junit-jupiter\\5.7.0\\ac2d6a3431747a7986b8f4abef465f72bf3a21ae\\mockito-junit-jupiter-5.7.0.jar;C:\\Users\\Utilisateur\\.gradle\\caches\\modules-2\\files-2.1\\org.mockito\\mockito-core\\5.7.0\\a1c258331ab91d66863c983aff7136357e9de056\\mockito-core-5.7.0.jar;C:\\Users\\Utilisateur\\.gradle\\caches\\modules-2\\files-2.1\\org.skyscreamer\\jsonassert\\1.5.1\\6d842d0faf4cf6725c509a5e5347d319ee0431c3\\jsonassert-1.5.1.jar;C:\\Users\\Utilisateur\\.gradle\\caches\\modules-2\\files-2.1\\org.springframework\\spring-test\\6.1.3\\193a0c6c53a4eed98a1d7567e952647a92cf53aa\\spring-test-6.1.3.jar;C:\\Users\\Utilisateur\\.gradle\\caches\\modules-2\\files-2.1\\org.springframework\\spring-orm\\6.1.3\\98572e26c6d011c9710545085358a4e35e27649\\spring-orm-6.1.3.jar;C:\\Users\\Utilisateur\\.gradle\\caches\\modules-2\\files-2.1\\org.springframework\\spring-jdbc\\6.1.3\\be4b30cc956b26f13e04ccadc2b0575038c531bb\\spring-jdbc-6.1.3.jar;C:\\Users\\Utilisateur\\.gradle\\caches\\modules-2\\files-2.1\\org.springframework\\spring-tx\\6.1.3\\7750337bf46a2ff248685915c7cc88d3bef2f666\\spring-tx-6.1.3.jar;C:\\Users\\Utilisateur\\.gradle\\caches\\modules-2\\files-2.1\\org.springframework\\spring-beans\\6.1.3\\c2df4210e796d3a27efc1f22621aa4e2c6cd985f\\spring-beans-6.1.3.jar;C:\\Users\\Utilisateur\\.gradle\\caches\\modules-2\\files-2.1\\org.springframework\\spring-expression\\6.1.3\\7c35fc3d7525a024fdde8a5d7597a6a8a4e59d7\\spring-expression-6.1.3.jar;C:\\Users\\Utilisateur\\.gradle\\caches\\modules-2\\files-2.1\\org.springframework\\spring-core\\6.1.3\\a002e96e780954cc3ac4cd70fd3bb16accdc47ed\\spring-core-6.1.3.jar;C:\\Users\\Utilisateur\\.m2\\repository\\org\\xmlunit\\xmlunit-core\\2.9.1\\xmlunit-core-2.9.1.jar;C:\\Users\\Utilisateur\\.m2\\repository\\org\\junit\\jupiter\\junit-jupiter-engine\\5.10.1\\junit-jupiter-engine-5.10.1.jar;C:\\Users\\Utilisateur\\.m2\\repository\\org\\junit\\jupiter\\junit-jupiter-api\\5.10.1\\junit-jupiter-api-5.10.1.jar;C:\\Users\\Utilisateur\\.gradle\\caches\\modules-2\\files-2.1\\systems.uom\\systems-common\\2.1\\a173cc6f1fedc8b32498d6cc9599251baa72de27\\systems-common-2.1.jar;C:\\Users\\Utilisateur\\.gradle\\caches\\modules-2\\files-2.1\\si.uom\\si-units\\2.1\\7e812192ff1abbef6c79123249840c42b4e145d4\\si-units-2.1.jar;C:\\Users\\Utilisateur\\.m2\\repository\\jakarta\\annotation\\jakarta.annotation-api\\2.1.1\\jakarta.annotation-api-2.1.1.jar;C:\\Users\\Utilisateur\\.m2\\repository\\org\\yaml\\snakeyaml\\2.2\\snakeyaml-2.2.jar;C:\\Users\\Utilisateur\\.gradle\\caches\\modules-2\\files-2.1\\org.apache.tomcat.embed\\tomcat-embed-websocket\\10.1.18\\83a3bc6898f2ceed2357ba231a5e83dc2016d454\\tomcat-embed-websocket-10.1.18.jar;C:\\Users\\Utilisateur\\.gradle\\caches\\modules-2\\files-2.1\\org.apache.tomcat.embed\\tomcat-embed-core\\10.1.18\\bff6c34649d1dd7b509e819794d73ba795947dcf\\tomcat-embed-core-10.1.18.jar;C:\\Users\\Utilisateur\\.gradle\\caches\\modules-2\\files-2.1\\io.micrometer\\micrometer-observation\\1.12.2\\e082b05a2527fc24ea6fbe4c4b7ae34653aace81\\micrometer-observation-1.12.2.jar;C:\\Users\\Utilisateur\\.gradle\\caches\\modules-2\\files-2.1\\jakarta.servlet\\jakarta.servlet-api\\6.0.0\\abecc699286e65035ebba9844c03931357a6a963\\jakarta.servlet-api-6.0.0.jar;C:\\Users\\Utilisateur\\.gradle\\caches\\modules-2\\files-2.1\\jakarta.ws.rs\\jakarta.ws.rs-api\\3.1.0\\15ce10d249a38865b58fc39521f10f29ab0e3363\\jakarta.ws.rs-api-3.1.0.jar;C:\\Users\\Utilisateur\\.gradle\\caches\\modules-2\\files-2.1\\org.reactivestreams\\reactive-streams\\1.0.4\\3864a1320d97d7b045f729a326e1e077661f31b7\\reactive-streams-1.0.4.jar;C:\\Users\\Utilisateur\\.gradle\\caches\\modules-2\\files-2.1\\software.amazon.eventstream\\eventstream\\1.0.1\\6ff8649dffc5190366ada897ba8525a836297784\\eventstream-1.0.1.jar;C:\\Users\\Utilisateur\\.gradle\\caches\\modules-2\\files-2.1\\software.amazon.awssdk\\third-party-jackson-core\\2.21.40\\bdad1fb829627469d269a898f4d51df70f80c407\\third-party-jackson-core-2.21.40.jar;C:\\Users\\Utilisateur\\.gradle\\caches\\modules-2\\files-2.1\\io.netty\\netty-codec-http2\\4.1.105.Final\\7c558b1ea68a2385b250191ad5ecb0f4afb2d866\\netty-codec-http2-4.1.105.Final.jar;C:\\Users\\Utilisateur\\.gradle\\caches\\modules-2\\files-2.1\\io.netty\\netty-codec-http\\4.1.105.Final\\bc8bc7b5384fb3dcb467d2a44159282935328779\\netty-codec-http-4.1.105.Final.jar;C:\\Users\\Utilisateur\\.gradle\\caches\\modules-2\\files-2.1\\io.netty\\netty-handler\\4.1.105.Final\\7e997e63d0a445c4b352bcd38474d50f06f2eaf1\\netty-handler-4.1.105.Final.jar;C:\\Users\\Utilisateur\\.gradle\\caches\\modules-2\\files-2.1\\io.netty\\netty-codec\\4.1.105.Final\\4733830b4b2b9111e9bf8136691d07b20027cd51\\netty-codec-4.1.105.Final.jar;C:\\Users\\Utilisateur\\.gradle\\caches\\modules-2\\files-2.1\\io.netty\\netty-transport-classes-epoll\\4.1.105.Final\\e006d3b0cfd5b8133c9fcebfa05d9ae80a721e80\\netty-transport-classes-epoll-4.1.105.Final.jar;C:\\Users\\Utilisateur\\.gradle\\caches\\modules-2\\files-2.1\\io.netty\\netty-transport-native-unix-common\\4.1.105.Final\\8bb8ab3a8f1e730c6e7d1d1cf8fc24221eacc6cd\\netty-transport-native-unix-common-4.1.105.Final.jar;C:\\Users\\Utilisateur\\.gradle\\caches\\modules-2\\files-2.1\\io.netty\\netty-transport\\4.1.105.Final\\5184e1308ed7d853d7061b4e21e47e8de43a28df\\netty-transport-4.1.105.Final.jar;C:\\Users\\Utilisateur\\.gradle\\caches\\modules-2\\files-2.1\\io.netty\\netty-buffer\\4.1.105.Final\\c1c1b4d2c89d2f74c80a2701c124ecfde1ecf067\\netty-buffer-4.1.105.Final.jar;C:\\Users\\Utilisateur\\.gradle\\caches\\modules-2\\files-2.1\\io.netty\\netty-resolver\\4.1.105.Final\\e69687e013ded60f3f9054164e121c2702200711\\netty-resolver-4.1.105.Final.jar;C:\\Users\\Utilisateur\\.gradle\\caches\\modules-2\\files-2.1\\io.netty\\netty-common\\4.1.105.Final\\8438fc1de4c10301bb53ceb49ed8db74bd40cc2c\\netty-common-4.1.105.Final.jar;C:\\Users\\Utilisateur\\.gradle\\caches\\modules-2\\files-2.1\\org.aspectj\\aspectjweaver\\1.9.21\\beaabaea95c7f3330f415c72ee0ffe79b51d172f\\aspectjweaver-1.9.21.jar;C:\\Users\\Utilisateur\\.m2\\repository\\jakarta\\persistence\\jakarta.persistence-api\\3.1.0\\jakarta.persistence-api-3.1.0.jar;C:\\Users\\Utilisateur\\.m2\\repository\\jakarta\\transaction\\jakarta.transaction-api\\2.0.1\\jakarta.transaction-api-2.0.1.jar;C:\\Users\\Utilisateur\\.m2\\repository\\org\\hibernate\\common\\hibernate-commons-annotations\\6.0.6.Final\\hibernate-commons-annotations-6.0.6.Final.jar;C:\\Users\\Utilisateur\\.m2\\repository\\io\\smallrye\\jandex\\3.1.2\\jandex-3.1.2.jar;C:\\Users\\Utilisateur\\.gradle\\caches\\modules-2\\files-2.1\\com.fasterxml\\classmate\\1.6.0\\91affab6f84a2182fce5dd72a8d01bc14346dddd\\classmate-1.6.0.jar;C:\\Users\\Utilisateur\\.gradle\\caches\\modules-2\\files-2.1\\net.bytebuddy\\byte-buddy\\1.14.11\\725602eb7c8c56b51b9c21f273f9df5c909d9e7d\\byte-buddy-1.14.11.jar;C:\\Users\\Utilisateur\\.m2\\repository\\jakarta\\inject\\jakarta.inject-api\\2.0.1\\jakarta.inject-api-2.0.1.jar;C:\\Users\\Utilisateur\\.m2\\repository\\org\\antlr\\antlr4-runtime\\4.13.0\\antlr4-runtime-4.13.0.jar;C:\\Users\\Utilisateur\\.m2\\repository\\com\\google\\guava\\failureaccess\\1.0.1\\failureaccess-1.0.1.jar;C:\\Users\\Utilisateur\\.m2\\repository\\com\\google\\guava\\listenablefuture\\9999.0-empty-to-avoid-conflict-with-guava\\listenablefuture-9999.0-empty-to-avoid-conflict-with-guava.jar;C:\\Users\\Utilisateur\\.gradle\\caches\\modules-2\\files-2.1\\com.google.errorprone\\error_prone_annotations\\2.16\\3fdb501b45ba22c6e9c0f2abdb6ed747a48c71af\\error_prone_annotations-2.16.jar;C:\\Users\\Utilisateur\\.m2\\repository\\com\\google\\j2objc\\j2objc-annotations\\1.3\\j2objc-annotations-1.3.jar;C:\\Users\\Utilisateur\\.gradle\\caches\\modules-2\\files-2.1\\org.apache.pdfbox\\fontbox\\3.0.3\\9eebd1ee868a79fcf7390283b2baf4179dadb8ed\\fontbox-3.0.3.jar;C:\\Users\\Utilisateur\\.gradle\\caches\\modules-2\\files-2.1\\org.apache.pdfbox\\pdfbox-io\\3.0.3\\c40dcf555b72b1d8c0cd19391d63e5b58382b9cb\\pdfbox-io-3.0.3.jar;C:\\Users\\Utilisateur\\.gradle\\caches\\modules-2\\files-2.1\\commons-logging\\commons-logging\\1.3.3\\580ad1a4f34876c4f964c083361de31b3d60be68\\commons-logging-1.3.3.jar;C:\\Users\\Utilisateur\\.m2\\repository\\jakarta\\validation\\jakarta.validation-api\\3.0.2\\jakarta.validation-api-3.0.2.jar;C:\\Users\\Utilisateur\\.gradle\\caches\\modules-2\\files-2.1\\org.apache.xmlbeans\\xmlbeans\\2.6.0\\29e80d2dd51f9dcdef8f9ffaee0d4dc1c9bbfc87\\xmlbeans-2.6.0.jar;C:\\Users\\Utilisateur\\.gradle\\caches\\modules-2\\files-2.1\\org.locationtech.jts\\jts-core\\1.19.0\\3ff3baa0074445384f9e0068df81fbd0a168395a\\jts-core-1.19.0.jar;C:\\Users\\Utilisateur\\.gradle\\caches\\modules-2\\files-2.1\\com.google.re2j\\re2j\\1.6\\a13e879fd7971738d06020fefeb108cc14e14169\\re2j-1.6.jar;C:\\Users\\Utilisateur\\.gradle\\caches\\modules-2\\files-2.1\\org.ejml\\ejml-ddense\\0.41\\782c80d4c3c8a3432c4641f24c177f336a360f9c\\ejml-ddense-0.41.jar;C:\\Users\\Utilisateur\\.gradle\\caches\\modules-2\\files-2.1\\com.squareup.okio\\okio-jvm\\3.6.0\\5600569133b7bdefe1daf9ec7f4abeb6d13e1786\\okio-jvm-3.6.0.jar;C:\\Users\\Utilisateur\\.gradle\\caches\\modules-2\\files-2.1\\org.jetbrains.kotlin\\kotlin-stdlib-jdk7\\1.9.22\\c4b17283ad7939e778989663f8301d871987fa5e\\kotlin-stdlib-jdk7-1.9.22.jar;C:\\Users\\Utilisateur\\.gradle\\caches\\modules-2\\files-2.1\\org.jetbrains.kotlin\\kotlin-stdlib\\1.9.22\\d6c44cd08d8f3f9bece8101216dbe6553365c6e3\\kotlin-stdlib-1.9.22.jar;C:\\Users\\Utilisateur\\.gradle\\caches\\modules-2\\files-2.1\\org.jetbrains.kotlin\\kotlin-stdlib-jdk8\\1.9.22\\dea0c11e2fa503ab891c8a090e3b54754472975d\\kotlin-stdlib-jdk8-1.9.22.jar;C:\\Users\\Utilisateur\\.gradle\\caches\\modules-2\\files-2.1\\org.apache.xmlgraphics\\batik-xml\\1.17\\15a0b4ba6260f3430632e4b1dad95383196107a8\\batik-xml-1.17.jar;C:\\Users\\Utilisateur\\.gradle\\caches\\modules-2\\files-2.1\\org.apache.xmlgraphics\\batik-util\\1.17\\83ef2a8b449444a1d57e91e938522899317a8672\\batik-util-1.17.jar;C:\\Users\\Utilisateur\\.gradle\\caches\\modules-2\\files-2.1\\org.apache.xmlgraphics\\batik-constants\\1.17\\22bf8b4c207dc46859db0269853186d8dfc8cb9a\\batik-constants-1.17.jar;C:\\Users\\Utilisateur\\.gradle\\caches\\modules-2\\files-2.1\\org.apache.xmlgraphics\\batik-i18n\\1.17\\39b233a71430ffa9d0282d47789a58fa8bf4f861\\batik-i18n-1.17.jar;C:\\Users\\Utilisateur\\.gradle\\caches\\modules-2\\files-2.1\\org.apache.xmlgraphics\\batik-shared-resources\\1.17\\2862b81d9dc63990cb5586323b4a2410fc1f2249\\batik-shared-resources-1.17.jar;C:\\Users\\Utilisateur\\.gradle\\caches\\modules-2\\files-2.1\\xml-apis\\xml-apis-ext\\1.3.04\\41a8b86b358e87f3f13cf46069721719105aff66\\xml-apis-ext-1.3.04.jar;C:\\Users\\Utilisateur\\.gradle\\caches\\modules-2\\files-2.1\\org.jetbrains\\annotations\\17.0.0\\8ceead41f4e71821919dbdb7a9847608f1a938cb\\annotations-17.0.0.jar;C:\\Users\\Utilisateur\\.gradle\\caches\\modules-2\\files-2.1\\com.github.docker-java\\docker-java-transport\\3.7.0\\e68716970e65eb45c01c0207d15ff03bb32edf49\\docker-java-transport-3.7.0.jar;C:\\Users\\Utilisateur\\.gradle\\caches\\modules-2\\files-2.1\\net.java.dev.jna\\jna\\5.18.1\\b27ba04287cc4abe769642fe8318d39fc89bf937\\jna-5.18.1.jar;C:\\Users\\Utilisateur\\.gradle\\caches\\modules-2\\files-2.1\\net.minidev\\accessors-smart\\2.5.0\\aca011492dfe9c26f4e0659028a4fe0970829dd8\\accessors-smart-2.5.0.jar;C:\\Users\\Utilisateur\\.gradle\\caches\\modules-2\\files-2.1\\net.bytebuddy\\byte-buddy-agent\\1.14.11\\f9cb566608fbac6bc7bf54901a7aa11543a989ee\\byte-buddy-agent-1.14.11.jar;C:\\Users\\Utilisateur\\.m2\\repository\\org\\objenesis\\objenesis\\3.3\\objenesis-3.3.jar;C:\\Users\\Utilisateur\\.m2\\repository\\com\\vaadin\\external\\google\\android-json\\0.0.20131108.vaadin1\\android-json-0.0.20131108.vaadin1.jar;C:\\Users\\Utilisateur\\.gradle\\caches\\modules-2\\files-2.1\\org.springframework\\spring-jcl\\6.1.3\\a715e091ee86243ee94534a03f3c26b4e48de31e\\spring-jcl-6.1.3.jar;C:\\Users\\Utilisateur\\.m2\\repository\\org\\junit\\platform\\junit-platform-engine\\1.10.1\\junit-platform-engine-1.10.1.jar;C:\\Users\\Utilisateur\\.m2\\repository\\org\\opentest4j\\opentest4j\\1.3.0\\opentest4j-1.3.0.jar;C:\\Users\\Utilisateur\\.m2\\repository\\org\\junit\\platform\\junit-platform-commons\\1.10.1\\junit-platform-commons-1.10.1.jar;C:\\Users\\Utilisateur\\.gradle\\caches\\modules-2\\files-2.1\\tech.units\\indriya\\2.1.3\\d3cc55737619a2f50382592d369726e49d4f69bf\\indriya-2.1.3.jar;C:\\Users\\Utilisateur\\.m2\\repository\\org\\apiguardian\\apiguardian-api\\1.1.2\\apiguardian-api-1.1.2.jar;C:\\Users\\Utilisateur\\.m2\\repository\\org\\springframework\\security\\spring-security-crypto\\6.2.1\\spring-security-crypto-6.2.1.jar;C:\\Users\\Utilisateur\\.gradle\\caches\\modules-2\\files-2.1\\io.micrometer\\micrometer-commons\\1.12.2\\b44127d8ec7b3ef11a01912d1e6474e1167f3929\\micrometer-commons-1.12.2.jar;C:\\Users\\Utilisateur\\.m2\\repository\\io\\grpc\\grpc-context\\1.27.2\\grpc-context-1.27.2.jar;C:\\Users\\Utilisateur\\.gradle\\caches\\modules-2\\files-2.1\\stax\\stax-api\\1.0.1\\49c100caf72d658aca8e58bd74a4ba90fa2b0d70\\stax-api-1.0.1.jar;C:\\Users\\Utilisateur\\.gradle\\caches\\modules-2\\files-2.1\\commons-pool\\commons-pool\\1.6\\4572d589699f09d866a226a14b7f4323c6d8f040\\commons-pool-1.6.jar;C:\\Users\\Utilisateur\\.gradle\\caches\\modules-2\\files-2.1\\it.geosolutions.jgridshift\\jgridshift-core\\1.3\\314702a7b6e634e1c74589983a6762974b9c51c8\\jgridshift-core-1.3.jar;C:\\Users\\Utilisateur\\.gradle\\caches\\modules-2\\files-2.1\\net.sf.geographiclib\\GeographicLib-Java\\1.49\\7ff2164e69fa04e1ef2ca5079e1cee298a936ea1\\GeographicLib-Java-1.49.jar;C:\\Users\\Utilisateur\\.gradle\\caches\\modules-2\\files-2.1\\org.ejml\\ejml-core\\0.41\\92ac2bee332a5697c42e576b94d563ba8c25877c\\ejml-core-0.41.jar;C:\\Users\\Utilisateur\\.gradle\\caches\\modules-2\\files-2.1\\xml-apis\\xml-apis\\1.4.01\\3789d9fada2d3d458c4ba2de349d48780f381ee3\\xml-apis-1.4.01.jar;C:\\Users\\Utilisateur\\.gradle\\caches\\modules-2\\files-2.1\\org.ow2.asm\\asm\\9.3\\8e6300ef51c1d801a7ed62d07cd221aca3a90640\\asm-9.3.jar;C:\\Users\\Utilisateur\\.gradle\\caches\\modules-2\\files-2.1\\ch.qos.logback\\logback-core\\1.4.14\\4d3c2248219ac0effeb380ed4c5280a80bf395e8\\logback-core-1.4.14.jar;C:\\Users\\Utilisateur\\.gradle\\caches\\modules-2\\files-2.1\\org.apache.logging.log4j\\log4j-api\\2.21.1\\74c65e87b9ce1694a01524e192d7be989ba70486\\log4j-api-2.21.1.jar;C:\\Users\\Utilisateur\\.gradle\\caches\\modules-2\\files-2.1\\org.glassfish.jaxb\\txw2\\4.0.4\\cfd2bcf08782673ac370694fdf2cf76dbaa607ef\\txw2-4.0.4.jar;C:\\Users\\Utilisateur\\.m2\\repository\\com\\sun\\istack\\istack-commons-runtime\\4.1.2\\istack-commons-runtime-4.1.2.jar;C:\\Users\\Utilisateur\\.gradle\\caches\\modules-2\\files-2.1\\org.eclipse.emf\\org.eclipse.emf.ecore.xmi\\2.15.0\\9aa1a584be1df1eb0ef8fae7123784af6e51f47a\\org.eclipse.emf.ecore.xmi-2.15.0.jar;C:\\Users\\Utilisateur\\.gradle\\caches\\modules-2\\files-2.1\\org.eclipse.emf\\org.eclipse.emf.ecore\\2.15.0\\ccfc09c8b6a0d4fadde09216d8a07678d38998de\\org.eclipse.emf.ecore-2.15.0.jar;C:\\Users\\Utilisateur\\.gradle\\caches\\modules-2\\files-2.1\\org.eclipse.emf\\org.eclipse.emf.common\\2.15.0\\e0f1608a9855651e899d609b106ae78f903a2f04\\org.eclipse.emf.common-2.15.0.jar;C:\\Users\\Utilisateur\\.gradle\\caches\\modules-2\\files-2.1\\si.uom\\si-quantity\\2.1\\5617d2cf30898ffcc760807009fe947483bd867b\\si-quantity-2.1.jar;C:\\Users\\Utilisateur\\.gradle\\caches\\modules-2\\files-2.1\\tech.uom.lib\\uom-lib-common\\2.1\\17d8a4458116466b004976f3c7834be185cffb86\\uom-lib-common-2.1.jar;C:\\Users\\Utilisateur\\.gradle\\caches\\modules-2\\files-2.1\\javax.measure\\unit-api\\2.1.3\\76e3c98cc101cdb8ebf437e4327e8de4ab92613\\unit-api-2.1.3.jar;C:\\Users\\Utilisateur\\.m2\\repository\\javax\\inject\\javax.inject\\1\\javax.inject-1.jar
Launcher Type: SUN_STANDARD

[Global flags]
     intx CICompilerCount                          = 3                                         {product} {ergonomic}
     uint ConcGCThreads                            = 1                                         {product} {ergonomic}
     uint G1ConcRefinementThreads                  = 4                                         {product} {ergonomic}
   size_t G1HeapRegionSize                         = 1048576                                   {product} {ergonomic}
    uintx GCDrainStackTargetSize                   = 64                                        {product} {ergonomic}
   size_t InitialHeapSize                          = 134217728                                 {product} {ergonomic}
   size_t MarkStackSize                            = 4194304                                   {product} {ergonomic}
   size_t MaxHeapSize                              = 536870912                                 {product} {command line}
   size_t MinHeapDeltaBytes                        = 1048576                                   {product} {ergonomic}
   size_t MinHeapSize                              = 8388608                                   {product} {ergonomic}
    uintx NonNMethodCodeHeapSize                   = 5832780                                {pd product} {ergonomic}
    uintx NonProfiledCodeHeapSize                  = 122912730                              {pd product} {ergonomic}
    uintx ProfiledCodeHeapSize                     = 122912730                              {pd product} {ergonomic}
    uintx ReservedCodeCacheSize                    = 251658240                              {pd product} {ergonomic}
     bool SegmentedCodeCache                       = true                                      {product} {ergonomic}
   size_t SoftMaxHeapSize                          = 536870912                              {manageable} {ergonomic}
     bool UseCompressedOops                        = true                           {product lp64_product} {ergonomic}
     bool UseG1GC                                  = true                                      {product} {ergonomic}
     bool UseLargePagesIndividualAllocation        = false                                  {pd product} {ergonomic}

Logging:
Log output configuration:
 #0: stdout all=warning uptime,level,tags foldmultilines=false
 #1: stderr all=off uptime,level,tags foldmultilines=false

Release file:
<release file has not been read>
Environment Variables:
JAVA_HOME=C:\Program Files\Amazon Corretto\jdk21.0.9_10
PATH=C:\Python314\Scripts\;C:\Python314\;C:\Program Files\Amazon Corretto\jdk21.0.9_10\bin;c:\Users\Utilisateur\AppData\Local\Programs\cursor\resources\app\bin;C:\Program Files (x86)\Google\Chrome\Application;C:\Program Files\Common Files\Oracle\Java\javapath;C:\WINDOWS\system32;C:\WINDOWS;C:\WINDOWS\System32\Wbem;C:\WINDOWS\System32\WindowsPowerShell\v1.0\;C:\WINDOWS\System32\OpenSSH\;C:\Program Files\Git\cmd;C:\ProgramData\chocolatey\bin;C:\Program Files (x86)\VMware\VMware Workstation\bin\;C:\WINDOWS\system32;C:\WINDOWS;C:\WINDOWS\System32\Wbem;C:\WINDOWS\System32\WindowsPowerShell\v1.0\;C:\WINDOWS\System32\OpenSSH\;C:\Program Files\nodejs\;C:\Program Files\PuTTY\;C:\Users\Utilisateur\AppData\Local\Microsoft\WindowsApps;<C:\Users\Utilisateur\AppData\Local\Programs\Python\Scripts>;C:\Program Files\PostgreSQL\16\bin;C:\Users\Utilisateur\AppData\Local\JetBrains\Toolbox\scripts;C:\Users\Utilisateur\AppData\Roaming\npm;c:\Users\Utilisateur\AppData\Local\Programs\cursor\resources\app\bin;C:\Program Files\Amazon\AWSCLIV2\;C:\Program Files\Maven\apache-maven-3.9.11\bin;C:\Program Files\Docker\Docker\resources\bin;C:\Program Files\Git LFS;C:\Program Files\GitHub CLI\;C:\Python314\Scripts\;C:\Python314\;C:\Program Files\Amazon Corretto\jdk21.0.9_10\bin;c:\Users\Utilisateur\AppData\Local\Programs\cursor\resources\app\bin;C:\Program Files (x86)\Google\Chrome\Application;C:\Program Files\Common Files\Oracle\Java\javapath;C:\WINDOWS\system32;C:\WINDOWS;C:\WINDOWS\System32\Wbem;C:\WINDOWS\System32\WindowsPowerShell\v1.0\;C:\WINDOWS\System32\OpenSSH\;C:\Program Files\Git\cmd;C:\ProgramData\chocolatey\bin;C:\Program Files (x86)\VMware\VMware Workstation\bin\;C:\WINDOWS\system32;C:\WINDOWS;C:\WINDOWS\System32\Wbem;C:\WINDOWS\System32\WindowsPowerShell\v1.0\;C:\WINDOWS\System32\OpenSSH\;C:\Program Files\nodejs\;C:\Program Files\PuTTY\;C:\Users\Utilisateur\AppData\Local\Microsoft\WindowsApps;<C:\Users\Utilisateur\AppData\Local\Programs\Python\Scripts>;C:\Program Files\PostgreSQL\16\bin;C:\Users\Utilisateur\AppData\Local\JetBrains\Toolbox\scripts;C:\Users\Utilisateur\AppData\Roaming\npm;c:\Users\Utilisateur\AppData\Local\Programs\cursor\resources\app\bin;C:\Program Files\Amazon\AWSCLIV2\;C:\Program Files\Maven\apache-maven-3.9.11\bin;C:\Program Files\Docker\Docker\resources\bin;C:\Program Files\Git LFS;C:\Program Files\GitHub CLI\;C:\maestro\bin;C:\Users\Utilisateur\AppData\Local\Programs\Microsoft VS Code\bin
USERNAME=Utilisateur
OS=Windows_NT
PROCESSOR_IDENTIFIER=Intel64 Family 6 Model 78 Stepping 3, GenuineIntel
TMP=C:\Users\UTILIS~1\AppData\Local\Temp
TEMP=C:\Users\UTILIS~1\AppData\Local\Temp




Periodic native trim disabled

---------------  S Y S T E M  ---------------

OS:
 Windows 10 , 64 bit Build 19041 (10.0.19041.3636)
OS uptime: 0 days 20:57 hours
Hyper-V role detected

CPU: total 4 (initial active 4) (2 cores per cpu, 2 threads per core) family 6 model 78 stepping 3 microcode 0xcc, cx8, cmov, fxsr, ht, mmx, 3dnowpref, sse, sse2, sse3, ssse3, sse4.1, sse4.2, popcnt, lzcnt, tsc, tscinvbit, avx, avx2, aes, erms, clmul, bmi1, bmi2, adx, fma, vzeroupper, clflush, clflushopt, hv, rdtscp, f16c
Processor Information for the first 4 processors :
  Max Mhz: 2401, Current Mhz: 2400, Mhz Limit: 2376

Memory: 4k page, system-wide physical 8123M (438M free)
TotalPageFile size 14621M (AvailPageFile size 61M)
current process WorkingSet (physical memory assigned to process): 10M, peak: 10M
current process commit charge ("private bytes"): 51M, peak: 179M

vm_info: OpenJDK 64-Bit Server VM (21.0.9+10-LTS) for windows-amd64 JRE (21.0.9+10-LTS), built on 2025-10-16T09:41:28Z by "Administrator" with unknown MS VC++:1944

END.
